{
    "data": {
        "id": 1,
        "wise_old_man_id": null,
        "name": "some-name",
        "starts_at": "2023-02-01",
        "ends_at": "2023-03-02",
        "tiles": [
            {
                "name": "A",
                "description": "some-description",
                "position": 1
            },
            {
                "name": "B",
                "description": "some-description",
                "position": 2
            },
            {
                "name": "C",
                "description": "some-description",
                "position": 3
            },
            {
                "name": "D",
                "description": "some-description",
                "position": 4
            },
            {
                "name": "E",
                "description": "some-description",
                "position": 5
            },
            {
                "name": "F",
                "description": "some-description",
                "position": 6
            },
            {
                "name": "G",
                "description": "some-description",
                "position": 7
            },
            {
                "name": "H",
                "description": "some-description",
                "position": 8
            },
            {
                "name": "I",
                "description": "some-description",
                "position": 9
            },
            {
                "name": "J",
                "description": "some-description",
                "position": 10
            }
        ],
        "teams": [
            {
                "name": "team name",
                "position": 1,
                "accounts": [
                    {
                        "username": "name"
                    },
                    {
                        "username": "other name"
                    }
                ]
            }
        ]
    }
}
